// Jest Snapshot v1, https://goo.gl/fbAQLP

exports[`matches snapshot 1`] = `
<DocumentFragment>
  <div>
    <form>
      <label
        for="todo"
      >
        Todo: 
      </label>
      <input
        id="todo"
        name="todo"
        placeholder="Todo"
        type="text"
        value=""
      />
      <button>
        Submit Todo
      </button>
    </form>
    <ul>
      <li>
        Get Milk
        <button>
          X
        </button>
      </li>
    </ul>
  </div>
</DocumentFragment>
`;
